<html>
<body>
<pre>
<h1>µVision Build Log</h1>
<h2>Tool Versions:</h2>
IDE-Version: ¦ÌVision V5.27.0.0
Copyright (C) 2018 ARM Ltd and ARM Germany GmbH. All rights reserved.
License Information: 213 123, 123, LIC=EXJT4-F1NK0-EVW1R-K2P5K-TM53T-9S93B
 
Tool Versions:
Toolchain:       MDK-ARM Plus  Version: 5.27.0.0
Toolchain Path:  D:\keil5\ARM\ARMCC\Bin
C Compiler:      Armcc.exe V5.06 update 6 (build 750)
Assembler:       Armasm.exe V5.06 update 6 (build 750)
Linker/Locator:  ArmLink.exe V5.06 update 6 (build 750)
Library Manager: ArmAr.exe V5.06 update 6 (build 750)
Hex Converter:   FromElf.exe V5.06 update 6 (build 750)
CPU DLL:         SARMCM3.DLL V5.27.0.0
Dialog DLL:      DCM.DLL V1.17.2.0
Target DLL:      STLink\ST-LINKIII-KEIL_SWO.dll V3.0.5.0
Dialog DLL:      TARMSTM.DLL V1.66.0.0
 
<h2>Project:</h2>
d:\TI CUP\program\dds+ad\MDK-ARM\F4_ad7606.uvprojx
Project File Date:  08/10/2020

<h2>Output:</h2>
*** Using Compiler 'V5.06 update 6 (build 750)', folder: 'D:\keil5\ARM\ARMCC\Bin'
Rebuild target 'F4_ad7606'
assembling startup_stm32f407xx.s...
compiling gpio.c...
compiling tim.c...
compiling main.c...
..\HARDWARE\ad7606.h(129): warning:  #1295-D: Deprecated declaration ad7606_get_fft_data - give arg types
  void ad7606_get_fft_data();
..\HARDWARE\ad7606.h(130): warning:  #1295-D: Deprecated declaration fft_get_maxvalue - give arg types
  void fft_get_maxvalue();
..\HARDWARE\ad7606.h(131): warning:  #1295-D: Deprecated declaration filter_fft - give arg types
  float32_t filter_fft();
../Src/main.c(194): warning:  #177-D: variable "ledstate"  was declared but never referenced
  	  static unsigned char ledstate = 0;
../Src/main.c: 4 warnings, 0 errors
compiling stm32f4xx_hal_msp.c...
compiling stm32f4xx_it.c...
compiling usart.c...
compiling stm32f4xx_hal_tim_ex.c...
compiling stm32f4xx_hal_rcc.c...
compiling stm32f4xx_hal_tim.c...
compiling stm32f4xx_hal_rcc_ex.c...
compiling stm32f4xx_hal_flash.c...
compiling stm32f4xx_hal_flash_ex.c...
compiling stm32f4xx_hal_flash_ramfunc.c...
compiling stm32f4xx_hal_gpio.c...
compiling stm32f4xx_hal_dma_ex.c...
compiling stm32f4xx_hal_dma.c...
compiling stm32f4xx_hal_pwr_ex.c...
compiling stm32f4xx_hal_pwr.c...
compiling stm32f4xx_hal_exti.c...
compiling stm32f4xx_hal_cortex.c...
compiling stm32f4xx_hal.c...
compiling system_stm32f4xx.c...
compiling stm32f4xx_hal_uart.c...
compiling ad7606.c...
..\HARDWARE\ad7606.h(129): warning:  #1295-D: Deprecated declaration ad7606_get_fft_data - give arg types
  void ad7606_get_fft_data();
..\HARDWARE\ad7606.h(130): warning:  #1295-D: Deprecated declaration fft_get_maxvalue - give arg types
  void fft_get_maxvalue();
..\HARDWARE\ad7606.h(131): warning:  #1295-D: Deprecated declaration filter_fft - give arg types
  float32_t filter_fft();
..\HARDWARE\ad7606.c(420): warning:  #1035-D: single-precision operand implicitly converted to double-precision
  		Virtual_value = Amplitude/1.4142135;                                       //ÓÐÐ§Öµ
..\HARDWARE\ad7606.c(422): warning:  #1035-D: single-precision operand implicitly converted to double-precision
  		res = ((Virtual_value-8)/43.3)/(4-((Virtual_value-8)/43.3))*2000;
..\HARDWARE\ad7606.c(422): warning:  #1035-D: single-precision operand implicitly converted to double-precision
  		res = ((Virtual_value-8)/43.3)/(4-((Virtual_value-8)/43.3))*2000;
..\HARDWARE\ad7606.c: 6 warnings, 0 errors
compiling AD9910.c...
compiling sys.c...
linking...
Program Size: Code=10864 RO-data=4548 RW-data=108 ZI-data=6724  
FromELF: creating hex file...
"F4_ad7606\F4_ad7606.axf" - 0 Error(s), 10 Warning(s).

<h2>Software Packages used:</h2>

Package Vendor: ARM
                http://www.keil.com/pack/ARM.CMSIS.5.4.0.pack
                ARM.CMSIS.5.4.0
                CMSIS (Cortex Microcontroller Software Interface Standard)
   * Component: CORE Version: 5.1.2

Package Vendor: Keil
                http://www.keil.com/pack/Keil.STM32F4xx_DFP.2.13.0.pack
                Keil.STM32F4xx_DFP.2.13.0
                STMicroelectronics STM32F4 Series Device Support, Drivers and Examples

<h2>Collection of Component include folders:</h2>
  .\RTE\_F4_ad7606
  D:\keil5\ARM\PACK\ARM\CMSIS\5.4.0\CMSIS\Core\Include
  D:\keil5\ARM\PACK\Keil\STM32F4xx_DFP\2.13.0\Drivers\CMSIS\Device\ST\STM32F4xx\Include

<h2>Collection of Component Files used:</h2>

   * Component: ARM::CMSIS:CORE:5.1.2
Build Time Elapsed:  00:01:22
</pre>
</body>
</html>
